\BOOKMARK [1][-]{section*.1}{\376\377\000A\000b\000s\000t\000r\000a\000c\000t}{}% 1
\BOOKMARK [1][-]{section.1}{\376\377\0001\000\040\000I\000n\000t\000r\000o\000d\000u\000c\000t\000i\000o\000n}{}% 2
\BOOKMARK [1][-]{section.2}{\376\377\0002\000\040\000R\000e\000l\000a\000t\000e\000d\000\040\000W\000o\000r\000k}{}% 3
\BOOKMARK [2][-]{subsection.2.1}{\376\377\0002\000.\0001\000\040\000T\000o\000o\000l\000-\000U\000s\000i\000n\000g\000\040\000A\000g\000e\000n\000t\000s\000\040\000a\000n\000d\000\040\000B\000e\000n\000c\000h\000m\000a\000r\000k\000s}{section.2}% 4
\BOOKMARK [2][-]{subsection.2.2}{\376\377\0002\000.\0002\000\040\000F\000i\000n\000a\000n\000c\000i\000a\000l\000\040\000B\000e\000n\000c\000h\000m\000a\000r\000k\000s\000\040\000a\000n\000d\000\040\000E\000v\000a\000l\000u\000a\000t\000i\000o\000n}{section.2}% 5
\BOOKMARK [2][-]{subsection.2.3}{\376\377\0002\000.\0003\000\040\000E\000v\000a\000l\000u\000a\000t\000i\000o\000n\000\040\000S\000t\000a\000n\000d\000a\000r\000d}{section.2}% 6
\BOOKMARK [1][-]{section.3}{\376\377\0003\000\040\000F\000i\000n\000T\000o\000o\000l\000B\000e\000n\000c\000h}{}% 7
\BOOKMARK [2][-]{subsection.3.1}{\376\377\0003\000.\0001\000\040\000T\000o\000o\000l\000\040\000I\000n\000v\000e\000n\000t\000o\000r\000y}{section.3}% 8
\BOOKMARK [2][-]{subsection.3.2}{\376\377\0003\000.\0002\000\040\000Q\000u\000e\000s\000t\000i\000o\000n\000\040\000S\000e\000t\000\040\000C\000o\000n\000s\000t\000r\000u\000c\000t\000i\000o\000n}{section.3}% 9
\BOOKMARK [2][-]{subsection.3.3}{\376\377\0003\000.\0003\000\040\000F\000i\000n\000a\000l\000\040\000B\000e\000n\000c\000h\000m\000a\000r\000k\000\040\000a\000n\000d\000\040\000E\000v\000a\000l\000u\000a\000t\000i\000o\000n\000\040\000P\000r\000o\000t\000o\000c\000o\000l}{section.3}% 10
\BOOKMARK [2][-]{subsection.3.4}{\376\377\0003\000.\0004\000\040\000E\000v\000a\000l\000u\000a\000t\000i\000o\000n\000\040\000M\000e\000t\000r\000i\000c\000s}{section.3}% 11
\BOOKMARK [1][-]{section.4}{\376\377\0004\000\040\000F\000i\000n\000a\000n\000c\000e\000-\000A\000w\000a\000r\000e\000\040\000T\000o\000o\000l\000\040\000R\000o\000u\000t\000i\000n\000g\000\040\000\050\000F\000A\000T\000R\000\051}{}% 12
\BOOKMARK [2][-]{subsection.4.1}{\376\377\0004\000.\0001\000\040\000P\000r\000o\000b\000l\000e\000m\000\040\000S\000e\000t\000u\000p}{section.4}% 13
\BOOKMARK [2][-]{subsection.4.2}{\376\377\0004\000.\0002\000\040\000T\000o\000o\000l\000\040\000I\000n\000v\000e\000n\000t\000o\000r\000y\000\040\000\046\000\040\000R\000e\000t\000r\000i\000e\000v\000a\000l\000\040\000a\000n\000d\000\040\000T\000o\000o\000l\000\040\000C\000a\000r\000d\000s}{section.4}% 14
\BOOKMARK [2][-]{subsection.4.3}{\376\377\0004\000.\0003\000\040\000A\000t\000t\000r\000i\000b\000u\000t\000e\000-\000A\000w\000a\000r\000e\000\040\000P\000l\000a\000n\000n\000i\000n\000g}{section.4}% 15
\BOOKMARK [1][-]{section.5}{\376\377\0005\000\040\000E\000x\000p\000e\000r\000i\000m\000e\000n\000t\000s}{}% 16
\BOOKMARK [2][-]{subsection.5.1}{\376\377\0005\000.\0001\000\040\000B\000e\000n\000c\000h\000m\000a\000r\000k\000\040\000S\000e\000t\000t\000i\000n\000g}{section.5}% 17
\BOOKMARK [2][-]{subsection.5.2}{\376\377\0005\000.\0002\000\040\000B\000a\000s\000e\000l\000i\000n\000e\000s\000\040\000a\000n\000d\000\040\000M\000o\000d\000e\000l\000\040\000B\000a\000c\000k\000e\000n\000d\000s}{section.5}% 18
\BOOKMARK [2][-]{subsection.5.3}{\376\377\0005\000.\0003\000\040\000T\000o\000o\000l\000-\000C\000a\000l\000l\000\040\000I\000n\000t\000e\000r\000f\000a\000c\000e\000\040\000a\000n\000d\000\040\000P\000r\000o\000m\000p\000t\000s}{section.5}% 19
\BOOKMARK [2][-]{subsection.5.4}{\376\377\0005\000.\0004\000\040\000J\000u\000d\000g\000e\000s\000\040\000a\000n\000d\000\040\000A\000g\000r\000e\000e\000m\000e\000n\000t}{section.5}% 20
\BOOKMARK [1][-]{section.6}{\376\377\0006\000\040\000R\000e\000s\000u\000l\000t\000s}{}% 21
\BOOKMARK [2][-]{subsection.6.1}{\376\377\0006\000.\0001\000\040\000M\000a\000i\000n\000\040\000R\000e\000s\000u\000l\000t\000s}{section.6}% 22
\BOOKMARK [2][-]{subsection.6.2}{\376\377\0006\000.\0002\000\040\000F\000i\000n\000a\000n\000c\000e\000\040\000A\000t\000t\000r\000i\000b\000u\000t\000e\000\040\000I\000n\000j\000e\000c\000t\000i\000o\000n}{section.6}% 23
\BOOKMARK [2][-]{subsection.6.3}{\376\377\0006\000.\0003\000\040\000T\000o\000o\000l\000\040\000U\000s\000a\000g\000e\000\040\000D\000i\000s\000t\000r\000i\000b\000u\000t\000i\000o\000n}{section.6}% 24
\BOOKMARK [2][-]{subsection.6.4}{\376\377\0006\000.\0004\000\040\000C\000a\000t\000e\000g\000o\000r\000y\000-\000L\000e\000v\000e\000l\000\040\000D\000i\000a\000g\000n\000o\000s\000i\000s}{section.6}% 25
\BOOKMARK [1][-]{section.7}{\376\377\0007\000\040\000C\000o\000n\000c\000l\000u\000s\000i\000o\000n}{}% 26
\BOOKMARK [1][-]{section*.22}{\376\377\000R\000e\000f\000e\000r\000e\000n\000c\000e\000s}{}% 27
\BOOKMARK [1][-]{appendix.A}{\376\377\000A\000\040\000T\000o\000o\000l\000\040\000C\000u\000r\000a\000t\000i\000o\000n\000\040\000C\000r\000i\000t\000e\000r\000i\000a}{}% 28
\BOOKMARK [2][-]{subsection.A.1}{\376\377\000A\000.\0001\000\040\000R\000a\000p\000i\000d\000A\000P\000I\000\040\000E\000n\000d\000p\000o\000i\000n\000t\000s}{appendix.A}% 29
\BOOKMARK [2][-]{subsection.A.2}{\376\377\000A\000.\0002\000\040\000A\000k\000S\000h\000a\000r\000e\000\040\000I\000n\000t\000e\000r\000f\000a\000c\000e\000s}{appendix.A}% 30
\BOOKMARK [2][-]{subsection.A.3}{\376\377\000A\000.\0003\000\040\000C\000o\000m\000b\000i\000n\000e\000d\000\040\000I\000n\000v\000e\000n\000t\000o\000r\000y}{appendix.A}% 31
\BOOKMARK [1][-]{appendix.B}{\376\377\000B\000\040\000F\000i\000n\000a\000n\000c\000e\000\040\000A\000t\000t\000r\000i\000b\000u\000t\000e\000\040\000S\000c\000h\000e\000m\000a\000\040\000a\000n\000d\000\040\000L\000a\000b\000e\000l\000i\000n\000g}{}% 32
\BOOKMARK [2][-]{subsection.B.1}{\376\377\000B\000.\0001\000\040\000A\000t\000t\000r\000i\000b\000u\000t\000e\000s\000\040\000o\000f\000\040\000t\000h\000e\000\040\000T\000o\000o\000l\000s}{appendix.B}% 33
\BOOKMARK [2][-]{subsection.B.2}{\376\377\000B\000.\0002\000\040\000L\000a\000b\000e\000l\000i\000n\000g\000\040\000P\000r\000o\000t\000o\000c\000o\000l}{appendix.B}% 34
\BOOKMARK [1][-]{appendix.C}{\376\377\000C\000\040\000Q\000u\000e\000s\000t\000i\000o\000n\000\040\000S\000e\000t\000\040\000C\000o\000n\000s\000t\000r\000u\000c\000t\000i\000o\000n}{}% 35
\BOOKMARK [2][-]{subsection.C.1}{\376\377\000C\000.\0001\000\040\000S\000o\000u\000r\000c\000e\000s}{appendix.C}% 36
\BOOKMARK [2][-]{subsection.C.2}{\376\377\000C\000.\0002\000\040\000F\000i\000l\000t\000e\000r\000s}{appendix.C}% 37
\BOOKMARK [2][-]{subsection.C.3}{\376\377\000C\000.\0003\000\040\000O\000u\000t\000c\000o\000m\000e}{appendix.C}% 38
\BOOKMARK [1][-]{appendix.D}{\376\377\000D\000\040\000M\000e\000t\000r\000i\000c\000\040\000D\000e\000f\000i\000n\000i\000t\000i\000o\000n\000s}{}% 39
\BOOKMARK [2][-]{subsection.D.1}{\376\377\000D\000.\0001\000\040\000C\000a\000p\000a\000b\000i\000l\000i\000t\000y}{appendix.D}% 40
\BOOKMARK [2][-]{subsection.D.2}{\376\377\000D\000.\0002\000\040\000C\000o\000m\000p\000l\000i\000a\000n\000c\000e\000\040\000M\000i\000s\000m\000a\000t\000c\000h\000\040\000R\000a\000t\000e\000s}{appendix.D}% 41
\BOOKMARK [1][-]{appendix.E}{\376\377\000E\000\040\000P\000r\000o\000m\000p\000t\000\040\000T\000e\000m\000p\000l\000a\000t\000e\000s}{}% 42
\BOOKMARK [2][-]{subsection.E.1}{\376\377\000E\000.\0001\000\040\000I\000n\000t\000e\000n\000t\000-\000M\000a\000t\000c\000h\000\040\000E\000v\000a\000l\000u\000a\000t\000o\000r\000\040\000\050\000I\000M\000R\000\051}{appendix.E}% 43
\BOOKMARK [2][-]{subsection.E.2}{\376\377\000E\000.\0002\000\040\000P\000l\000a\000n\000n\000e\000r\000\040\000S\000y\000s\000t\000e\000m}{appendix.E}% 44
\BOOKMARK [2][-]{subsection.E.3}{\376\377\000E\000.\0003\000\040\000R\000a\000p\000i\000d\000A\000P\000I\000\040\000P\000a\000r\000a\000m\000e\000t\000e\000r\000\040\000A\000l\000i\000g\000n\000m\000e\000n\000t}{appendix.E}% 45
\BOOKMARK [1][-]{appendix.F}{\376\377\000F\000\040\000C\000o\000m\000m\000a\000n\000d\000s\000\040\000a\000n\000d\000\040\000R\000e\000p\000r\000o\000d\000u\000c\000t\000i\000o\000n\000\040\000C\000h\000e\000c\000k\000l\000i\000s\000t}{}% 46
\BOOKMARK [2][-]{subsection.F.1}{\376\377\000F\000.\0001\000\040\000E\000n\000v\000i\000r\000o\000n\000m\000e\000n\000t\000\040\000a\000n\000d\000\040\000M\000o\000d\000e\000l\000s}{appendix.F}% 47
\BOOKMARK [1][-]{appendix.G}{\376\377\000G\000\040\000A\000l\000g\000o\000r\000i\000t\000h\000m\000\040\040\024\000\040\000F\000A\000T\000R\000\040\000P\000i\000p\000e\000l\000i\000n\000e}{}% 48
\BOOKMARK [1][-]{appendix.H}{\376\377\000H\000\040\000C\000a\000t\000e\000g\000o\000r\000y\000-\000L\000e\000v\000e\000l\000\040\000D\000i\000a\000g\000n\000o\000s\000i\000s}{}% 49
\BOOKMARK [1][-]{appendix.I}{\376\377\000I\000\040\000C\000a\000s\000e\000\040\000S\000t\000u\000d\000i\000e\000s}{}% 50
\BOOKMARK [2][-]{subsection.I.1}{\376\377\000I\000.\0001\000\040\000C\000a\000s\000e\000\040\000S\000t\000u\000d\000y\000\040\0001\000:\000\040\000F\000i\000n\000a\000n\000c\000e\000\040\000A\000t\000t\000r\000i\000b\000u\000t\000e\000\040\000I\000n\000j\000e\000c\000t\000i\000o\000n\000\040\000C\000h\000a\000n\000g\000e\000s\000\040\000T\000o\000o\000l\000i\000n\000g\000\040\000B\000e\000h\000a\000v\000i\000o\000r}{appendix.I}% 51
\BOOKMARK [2][-]{subsection.I.2}{\376\377\000I\000.\0002\000\040\000C\000a\000s\000e\000\040\000S\000t\000u\000d\000y\000\040\0002\000:\000\040\000F\000i\000n\000a\000n\000c\000e\000\040\000A\000t\000t\000r\000i\000b\000u\000t\000e\000s\000\040\000R\000e\000d\000u\000c\000e\000\040\000R\000e\000d\000u\000n\000d\000a\000n\000t\000\040\000T\000o\000o\000l\000i\000n\000g}{appendix.I}% 52
\BOOKMARK [2][-]{subsection.I.3}{\376\377\000I\000.\0003\000\040\000C\000a\000s\000e\000\040\000S\000t\000u\000d\000y\000\040\0003\000:\000\040\000F\000i\000n\000a\000n\000c\000e\000\040\000A\000t\000t\000r\000i\000b\000u\000t\000e\000s\000\040\000D\000o\000\040\000N\000o\000t\000\040\000G\000u\000a\000r\000a\000n\000t\000e\000e\000\040\000N\000u\000m\000e\000r\000i\000c\000a\000l\000\040\000F\000i\000d\000e\000l\000i\000t\000y}{appendix.I}% 53
